Input #0, mov,mp4,m4a,3gp,3g2,mj2, from 'C:\Users\Playdata\Videos\Captures\회원가입.mp4':
  Metadata:
    major_brand     : mp42
    minor_version   : 0
    compatible_brands: mp41isom
    creation_time   : 2026-09-09T09:28:35.000000Z
    artist          : Microsoft Game DVR
    title           : LawPath - Chrome
  Duration: 00:00:56.27, start: 0.000000, bitrate: 16928 kb/s
  Stream #0:0[0x1](und): Video: h264 (Main) (avc1 / 0x31637661), yuv420p(progressive), 2416x1440 [SAR 1:1 DAR 151:90], 16668 kb/s, 29.25 fps, 30 tbr, 30k tbn (default)
      Metadata:
        creation_time   : 2026-09-09T09:28:35.000000Z
        handler_name    : VideoHandler
        vendor_id       : [0][0][0][0]
        encoder         : AVC Coding
  Stream #0:1[0x2](und): Audio: aac (LC) (mp4a / 0x6134706D), 48000 Hz, stereo, fltp, 128 kb/s (default)
      Metadata:
        creation_time   : 2026-09-09T09:28:35.000000Z
        handler_name    : SoundHandler
        vendor_id       : [0][0][0][0]
Stream mapping:
  Stream #0:0 (h264) -> split:default
  Stream #0:1 (aac) -> asplit:default
  concat -> Stream #0:0 (libx264)
  concat -> Stream #0:1 (aac)
Press [q] to stop, [?] for help
[libx264 @ 000001d3ad73e6c0] using SAR=1/1
[libx264 @ 000001d3ad73e6c0] using cpu capabilities: MMX2 SSE2Fast SSSE3 SSE4.2 AVX FMA3 BMI2 AVX2 AVX512
[libx264 @ 000001d3ad73e6c0] profile High, level 5.0, 4:2:0, 8-bit
[libx264 @ 000001d3ad73e6c0] 264 - core 164 r3192 c24e06c - H.264/MPEG-4 AVC codec - Copyleft 2003-2024 - http://www.videolan.org/x264.html - options: cabac=1 ref=1 deblock=1:0:0 analyse=0x3:0x113 me=hex subme=2 psy=1 psy_rd=1.00:0.00 mixed_ref=0 me_range=16 chroma_me=1 trellis=0 8x8dct=1 cqm=0 deadzone=21,11 fast_pskip=1 chroma_qp_offset=0 threads=3 lookahead_threads=1 sliced_threads=0 nr=0 decimate=1 interlaced=0 bluray_compat=0 constrained_intra=0 bframes=3 b_pyramid=2 b_adapt=1 b_bias=0 direct=1 weightb=1 open_gop=0 weightp=1 keyint=250 keyint_min=25 scenecut=40 intra_refresh=0 rc_lookahead=10 rc=crf mbtree=1 crf=20.0 qcomp=0.60 qpmin=0 qpmax=69 qpstep=4 ip_ratio=1.40 aq=1:1.00
Output #0, mp4, to 'C:\dev\aio-01-p2-team2\tmp\video_review\edited-0.mp4':
  Metadata:
    major_brand     : mp42
    minor_version   : 0
    compatible_brands: mp41isom
    title           : LawPath - Chrome
    artist          : Microsoft Game DVR
    encoder         : Lavf61.7.100
  Stream #0:0: Video: h264 (avc1 / 0x31637661), yuv420p(tv, progressive), 2416x1440 [SAR 1:1 DAR 151:90], q=2-31, 30 fps, 15360 tbn
      Metadata:
        encoder         : Lavc61.19.100 libx264
      Side data:
        cpb: bitrate max/min/avg: 0/0/0 buffer size: 0 vbv_delay: N/A
  Stream #0:1: Audio: aac (LC) (mp4a / 0x6134706D), 48000 Hz, stereo, fltp, 128 kb/s
      Metadata:
        encoder         : Lavc61.19.100 aac
frame=   27 fps=0.0 q=26.0 size=       0KiB time=00:00:00.83 bitrate=   0.5kbits/s speed=1.62x    frame=   67 fps= 65 q=26.0 size=       0KiB time=00:00:02.16 bitrate=   0.2kbits/s speed=2.09x    frame=  109 fps= 70 q=26.0 size=       0KiB time=00:00:03.56 bitrate=   0.1kbits/s speed=2.29x    frame=  147 fps= 71 q=26.0 size=       0KiB time=00:00:04.83 bitrate=   0.1kbits/s speed=2.34x    frame=  191 fps= 74 q=26.0 size=       0KiB time=00:00:06.30 bitrate=   0.1kbits/s speed=2.43x    frame=  222 fps= 71 q=26.0 size=       0KiB time=00:00:07.33 bitrate=   0.1kbits/s speed=2.36x    frame=  222 fps= 61 q=26.0 size=       0KiB time=00:00:07.33 bitrate=   0.1kbits/s speed=2.03x    frame=  222 fps= 54 q=26.0 size=       0KiB time=00:00:07.33 bitrate=   0.1kbits/s speed=1.77x    frame=  250 fps= 54 q=26.0 size=       0KiB time=00:00:08.30 bitrate=   0.0kbits/s speed=1.79x    frame=  299 fps= 58 q=26.0 size=     256KiB time=00:00:09.93 bitrate= 211.2kbits/s speed=1.92x    frame=  335 fps= 59 q=26.0 size=     256KiB time=00:00:11.13 bitrate= 188.4kbits/s speed=1.96x    frame=  357 fps= 58 q=26.0 size=     256KiB time=00:00:11.86 bitrate= 176.8kbits/s speed=1.92x    frame=  357 fps= 53 q=26.0 size=     256KiB time=00:00:11.86 bitrate= 176.8kbits/s speed=1.77x    frame=  357 fps= 49 q=26.0 size=     256KiB time=00:00:11.86 bitrate= 176.8kbits/s speed=1.64x    frame=  375 fps= 48 q=26.0 size=     256KiB time=00:00:12.46 bitrate= 168.3kbits/s speed=1.61x    frame=  412 fps= 50 q=26.0 size=     512KiB time=00:00:13.70 bitrate= 306.2kbits/s speed=1.66x    frame=  457 fps= 52 q=26.0 size=     512KiB time=00:00:15.20 bitrate= 276.0kbits/s speed=1.73x    frame=  503 fps= 54 q=26.0 size=     768KiB time=00:00:16.73 bitrate= 376.0kbits/s speed= 1.8x    frame=  543 fps= 55 q=26.0 size=     768KiB time=N/A bitrate=N/A speed=N/A    [mp4 @ 000001d3ad6cd900] Starting second pass: moving the moov atom to the beginning of the file
[out#0/mp4 @ 000001d3ae15ee80] video:797KiB audio:5KiB subtitle:0KiB other streams:0KiB global headers:0KiB muxing overhead: 2.683444%
frame=  561 fps= 56 q=-1.0 Lsize=     823KiB time=00:00:18.66 bitrate= 361.3kbits/s speed=1.87x    
[libx264 @ 000001d3ad73e6c0] frame I:3     Avg QP: 8.57  size:100351
[libx264 @ 000001d3ad73e6c0] frame P:153   Avg QP:13.95  size:  2887
[libx264 @ 000001d3ad73e6c0] frame B:405   Avg QP:14.31  size:   179
[libx264 @ 000001d3ad73e6c0] consecutive B-frames:  2.7%  2.1%  3.2% 92.0%
[libx264 @ 000001d3ad73e6c0] mb I  I16..4: 87.6%  1.0% 11.4%
[libx264 @ 000001d3ad73e6c0] mb P  I16..4:  1.6%  0.1%  0.1%  P16..4:  1.3%  0.0%  0.0%  0.0%  0.0%    skip:96.8%
[libx264 @ 000001d3ad73e6c0] mb B  I16..4:  0.1%  0.0%  0.0%  B16..8:  0.2%  0.0%  0.0%  direct: 0.1%  skip:99.7%  L0:55.2% L1:44.3% BI: 0.5%
[libx264 @ 000001d3ad73e6c0] 8x8 transform intra:3.2% inter:20.8%
[libx264 @ 000001d3ad73e6c0] coded y,uvDC,uvAC intra: 10.2% 11.0% 7.7% inter: 0.2% 0.2% 0.0%
[libx264 @ 000001d3ad73e6c0] i16 v,h,dc,p: 66% 33%  1%  0%
[libx264 @ 000001d3ad73e6c0] i8 v,h,dc,ddl,ddr,vr,hd,vl,hu: 25% 36% 36%  1%  0%  0%  0%  0%  1%
[libx264 @ 000001d3ad73e6c0] i4 v,h,dc,ddl,ddr,vr,hd,vl,hu: 34% 27% 22%  2%  3%  3%  3%  2%  3%
[libx264 @ 000001d3ad73e6c0] i8c dc,h,v,p: 68% 27%  5%  0%
[libx264 @ 000001d3ad73e6c0] Weighted P-Frames: Y:0.0% UV:0.0%
[libx264 @ 000001d3ad73e6c0] kb/s:348.08
[aac @ 000001d3ad6c8540] Qavg: 65536.000
