Input #0, mov,mp4,m4a,3gp,3g2,mj2, from 'C:\Users\Playdata\Videos\Captures\비회원_질의이력.mp4':
  Metadata:
    major_brand     : mp42
    minor_version   : 0
    compatible_brands: mp41isom
    creation_time   : 2026-09-09T09:44:48.000000Z
    artist          : Microsoft Game DVR
    title           : LawPath - Chrome
  Duration: 00:00:15.12, start: 0.000000, bitrate: 16697 kb/s
  Stream #0:0[0x1](und): Video: h264 (Main) (avc1 / 0x31637661), yuv420p(progressive), 2416x1440 [SAR 1:1 DAR 151:90], 16081 kb/s, 29.70 fps, 60 tbr, 30k tbn (default)
      Metadata:
        creation_time   : 2026-09-09T09:44:48.000000Z
        handler_name    : VideoHandler
        vendor_id       : [0][0][0][0]
        encoder         : AVC Coding
  Stream #0:1[0x2](und): Audio: aac (LC) (mp4a / 0x6134706D), 48000 Hz, stereo, fltp, 128 kb/s (default)
      Metadata:
        creation_time   : 2026-09-09T09:44:48.000000Z
        handler_name    : SoundHandler
        vendor_id       : [0][0][0][0]
Stream mapping:
  Stream #0:0 (h264) -> split:default
  Stream #0:1 (aac) -> asplit:default
  concat -> Stream #0:0 (libx264)
  concat -> Stream #0:1 (aac)
Press [q] to stop, [?] for help
[libx264 @ 00000210fd8b3980] using SAR=1/1
[libx264 @ 00000210fd8b3980] using cpu capabilities: MMX2 SSE2Fast SSSE3 SSE4.2 AVX FMA3 BMI2 AVX2 AVX512
[libx264 @ 00000210fd8b3980] profile High, level 5.0, 4:2:0, 8-bit
[libx264 @ 00000210fd8b3980] 264 - core 164 r3192 c24e06c - H.264/MPEG-4 AVC codec - Copyleft 2003-2024 - http://www.videolan.org/x264.html - options: cabac=1 ref=1 deblock=1:0:0 analyse=0x3:0x113 me=hex subme=2 psy=1 psy_rd=1.00:0.00 mixed_ref=0 me_range=16 chroma_me=1 trellis=0 8x8dct=1 cqm=0 deadzone=21,11 fast_pskip=1 chroma_qp_offset=0 threads=3 lookahead_threads=1 sliced_threads=0 nr=0 decimate=1 interlaced=0 bluray_compat=0 constrained_intra=0 bframes=3 b_pyramid=2 b_adapt=1 b_bias=0 direct=1 weightb=1 open_gop=0 weightp=1 keyint=250 keyint_min=25 scenecut=40 intra_refresh=0 rc_lookahead=10 rc=crf mbtree=1 crf=20.0 qcomp=0.60 qpmin=0 qpmax=69 qpstep=4 ip_ratio=1.40 aq=1:1.00
Output #0, mp4, to 'C:\dev\aio-01-p2-team2\tmp\video_review\edited-6.mp4':
  Metadata:
    major_brand     : mp42
    minor_version   : 0
    compatible_brands: mp41isom
    title           : LawPath - Chrome
    artist          : Microsoft Game DVR
    encoder         : Lavf61.7.100
  Stream #0:0: Video: h264 (avc1 / 0x31637661), yuv420p(tv, progressive), 2416x1440 [SAR 1:1 DAR 151:90], q=2-31, 30 fps, 15360 tbn
      Metadata:
        encoder         : Lavc61.19.100 libx264
      Side data:
        cpb: bitrate max/min/avg: 0/0/0 buffer size: 0 vbv_delay: N/A
  Stream #0:1: Audio: aac (LC) (mp4a / 0x6134706D), 48000 Hz, stereo, fltp, 128 kb/s
      Metadata:
        encoder         : Lavc61.19.100 aac
frame=   19 fps=0.0 q=26.0 size=       0KiB time=00:00:00.56 bitrate=   0.7kbits/s speed= 1.1x    frame=   55 fps= 53 q=26.0 size=       0KiB time=00:00:01.76 bitrate=   0.2kbits/s speed=1.71x    frame=   98 fps= 63 q=26.0 size=       0KiB time=00:00:03.20 bitrate=   0.1kbits/s speed=2.05x    frame=  141 fps= 68 q=26.0 size=       0KiB time=00:00:04.63 bitrate=   0.1kbits/s speed=2.23x    frame=  188 fps= 72 q=26.0 size=       0KiB time=00:00:06.20 bitrate=   0.1kbits/s speed=2.38x    frame=  235 fps= 76 q=26.0 size=       0KiB time=00:00:07.76 bitrate=   0.0kbits/s speed= 2.5x    frame=  285 fps= 78 q=26.0 size=       0KiB time=00:00:09.43 bitrate=   0.0kbits/s speed=2.59x    frame=  330 fps= 79 q=26.0 size=       0KiB time=00:00:10.93 bitrate=   0.0kbits/s speed=2.63x    frame=  373 fps= 80 q=26.0 size=       0KiB time=00:00:12.36 bitrate=   0.0kbits/s speed=2.65x    [mp4 @ 00000210fcd7ee00] Starting second pass: moving the moov atom to the beginning of the file
[out#0/mp4 @ 00000210fd8b2040] video:220KiB audio:4KiB subtitle:0KiB other streams:0KiB global headers:0KiB muxing overhead: 7.251085%
frame=  412 fps= 81 q=-1.0 Lsize=     240KiB time=00:00:13.66 bitrate= 144.0kbits/s speed=2.68x    
[libx264 @ 00000210fd8b3980] frame I:2     Avg QP: 8.49  size: 81859
[libx264 @ 00000210fd8b3980] frame P:104   Avg QP:12.60  size:   219
[libx264 @ 00000210fd8b3980] frame B:306   Avg QP:12.43  size:   125
[libx264 @ 00000210fd8b3980] consecutive B-frames:  1.0%  0.0%  0.0% 99.0%
[libx264 @ 00000210fd8b3980] mb I  I16..4: 90.0%  0.3%  9.7%
[libx264 @ 00000210fd8b3980] mb P  I16..4:  0.1%  0.0%  0.0%  P16..4:  0.1%  0.0%  0.0%  0.0%  0.0%    skip:99.8%
[libx264 @ 00000210fd8b3980] mb B  I16..4:  0.0%  0.0%  0.0%  B16..8:  0.0%  0.0%  0.0%  direct: 0.0%  skip:100.0%  L0:53.3% L1:43.6% BI: 3.1%
[libx264 @ 00000210fd8b3980] 8x8 transform intra:0.3% inter:2.7%
[libx264 @ 00000210fd8b3980] coded y,uvDC,uvAC intra: 9.7% 9.7% 8.7% inter: 0.0% 0.0% 0.0%
[libx264 @ 00000210fd8b3980] i16 v,h,dc,p: 82% 17%  1%  0%
[libx264 @ 00000210fd8b3980] i8 v,h,dc,ddl,ddr,vr,hd,vl,hu: 15% 27% 55%  0%  0%  1%  0%  0%  1%
[libx264 @ 00000210fd8b3980] i4 v,h,dc,ddl,ddr,vr,hd,vl,hu: 31% 25% 26%  2%  3%  3%  3%  3%  3%
[libx264 @ 00000210fd8b3980] i8c dc,h,v,p: 83% 14%  3%  0%
[libx264 @ 00000210fd8b3980] Weighted P-Frames: Y:0.0% UV:0.0%
[libx264 @ 00000210fd8b3980] kb/s:130.92
[aac @ 00000210fcd718c0] Qavg: 65536.000
